V3 3
FL "D:/Document FPGA/ThayThuy/FPGA/Virtex_4_ML402/project_ISE_multiplier_adder/add_mul_2bit.vhd" 2021/04/23.14:12:34 P.20131013
EN work/add_mul_2bit 1619162002 \
      FL "D:/Document FPGA/ThayThuy/FPGA/Virtex_4_ML402/project_ISE_multiplier_adder/add_mul_2bit.vhd" \
      PB ieee/std_logic_1164 1381692176 PB ieee/std_logic_arith 1381692177 \
      PB ieee/STD_LOGIC_UNSIGNED 1381692179
AR work/add_mul_2bit/Behavioral 1619162003 \
      FL "D:/Document FPGA/ThayThuy/FPGA/Virtex_4_ML402/project_ISE_multiplier_adder/add_mul_2bit.vhd" \
      EN work/add_mul_2bit 1619162002
