V3 3
FL "D:/Document FPGA/ThayThuy/FPGA/Virtex_4_ML402/project_ISE_division50Mhz/div_100Mhz.vhd" 2021/04/23.13:37:07 P.20131013
EN work/div_100Mhz 1619491298 \
      FL "D:/Document FPGA/ThayThuy/FPGA/Virtex_4_ML402/project_ISE_division50Mhz/div_100Mhz.vhd" \
      PB ieee/std_logic_1164 1381692176 PB ieee/std_logic_arith 1381692177 \
      PB ieee/STD_LOGIC_UNSIGNED 1381692179
AR work/div_100Mhz/Behavioral 1619491299 \
      FL "D:/Document FPGA/ThayThuy/FPGA/Virtex_4_ML402/project_ISE_division50Mhz/div_100Mhz.vhd" \
      EN work/div_100Mhz 1619491298
