V3 3
FL "D:/Document FPGA/ThayThuy/FPGA/Virtex_4_ML402/project_ISE_subtractionN/subtractionN.vhd" 2021/04/23.12:33:10 P.20131013
EN work/subtractionN 1619156283 \
      FL "D:/Document FPGA/ThayThuy/FPGA/Virtex_4_ML402/project_ISE_subtractionN/subtractionN.vhd" \
      PB ieee/std_logic_1164 1381692176 PB ieee/std_logic_arith 1381692177 \
      PB ieee/STD_LOGIC_UNSIGNED 1381692179
AR work/subtractionN/Behavioral 1619156284 \
      FL "D:/Document FPGA/ThayThuy/FPGA/Virtex_4_ML402/project_ISE_subtractionN/subtractionN.vhd" \
      EN work/subtractionN 1619156283
